Archive member included because of file (symbol)

/Users/James/pebble-dev/PebbleSDK-3.0-beta12/Pebble/basalt/lib/libpebble.a(tmpxXWxespebble.o)
                              src/main.c.35.o (accel_tap_service_subscribe)
/Users/James/pebble-dev/PebbleSDK-3.0-beta12/arm-cs-tools/bin/../lib/gcc/arm-none-eabi/4.7.2/thumb2/libgcc.a(_arm_addsubdf3.o)
                              src/main.c.35.o (__aeabi_dadd)
/Users/James/pebble-dev/PebbleSDK-3.0-beta12/arm-cs-tools/bin/../lib/gcc/arm-none-eabi/4.7.2/thumb2/libgcc.a(_arm_muldivdf3.o)
                              src/main.c.35.o (__aeabi_dmul)
/Users/James/pebble-dev/PebbleSDK-3.0-beta12/arm-cs-tools/bin/../lib/gcc/arm-none-eabi/4.7.2/thumb2/libgcc.a(_arm_fixdfsi.o)
                              src/main.c.35.o (__aeabi_d2iz)

Discarded input sections

 .text          0x0000000000000000        0x0 /Users/James/pebble-dev/PebbleSDK-3.0-beta12/arm-cs-tools/bin/../lib/gcc/arm-none-eabi/4.7.2/thumb2/crti.o
 .bss           0x0000000000000000        0x0 /Users/James/pebble-dev/PebbleSDK-3.0-beta12/arm-cs-tools/bin/../lib/gcc/arm-none-eabi/4.7.2/thumb2/crti.o
 .init          0x0000000000000000        0x4 /Users/James/pebble-dev/PebbleSDK-3.0-beta12/arm-cs-tools/bin/../lib/gcc/arm-none-eabi/4.7.2/thumb2/crti.o
 .fini          0x0000000000000000        0x4 /Users/James/pebble-dev/PebbleSDK-3.0-beta12/arm-cs-tools/bin/../lib/gcc/arm-none-eabi/4.7.2/thumb2/crti.o
 .text          0x0000000000000000       0xc8 /Users/James/pebble-dev/PebbleSDK-3.0-beta12/arm-cs-tools/bin/../lib/gcc/arm-none-eabi/4.7.2/thumb2/crtbegin.o
 .bss           0x0000000000000000       0x1c /Users/James/pebble-dev/PebbleSDK-3.0-beta12/arm-cs-tools/bin/../lib/gcc/arm-none-eabi/4.7.2/thumb2/crtbegin.o
 .init_array    0x0000000000000000        0x4 /Users/James/pebble-dev/PebbleSDK-3.0-beta12/arm-cs-tools/bin/../lib/gcc/arm-none-eabi/4.7.2/thumb2/crtbegin.o
 .fini_array    0x0000000000000000        0x4 /Users/James/pebble-dev/PebbleSDK-3.0-beta12/arm-cs-tools/bin/../lib/gcc/arm-none-eabi/4.7.2/thumb2/crtbegin.o
 .eh_frame      0x0000000000000000        0x0 /Users/James/pebble-dev/PebbleSDK-3.0-beta12/arm-cs-tools/bin/../lib/gcc/arm-none-eabi/4.7.2/thumb2/crtbegin.o
 .jcr           0x0000000000000000        0x0 /Users/James/pebble-dev/PebbleSDK-3.0-beta12/arm-cs-tools/bin/../lib/gcc/arm-none-eabi/4.7.2/thumb2/crtbegin.o
 .tm_clone_table
                0x0000000000000000        0x0 /Users/James/pebble-dev/PebbleSDK-3.0-beta12/arm-cs-tools/bin/../lib/gcc/arm-none-eabi/4.7.2/thumb2/crtbegin.o
 .text          0x0000000000000000        0x0 src/main.c.35.o
 .bss           0x0000000000000000        0x0 src/main.c.35.o
 .text          0x0000000000000000        0x0 basalt/appinfo.auto.c.35.o
 .bss           0x0000000000000000        0x0 basalt/appinfo.auto.c.35.o
 .bss           0x0000000000000000        0x0 /Users/James/pebble-dev/PebbleSDK-3.0-beta12/Pebble/basalt/lib/libpebble.a(tmpxXWxespebble.o)
 .text.accel_data_service_subscribe__deprecated
                0x0000000000000000        0xc /Users/James/pebble-dev/PebbleSDK-3.0-beta12/Pebble/basalt/lib/libpebble.a(tmpxXWxespebble.o)
 .text.accel_data_service_unsubscribe
                0x0000000000000000        0xc /Users/James/pebble-dev/PebbleSDK-3.0-beta12/Pebble/basalt/lib/libpebble.a(tmpxXWxespebble.o)
 .text.accel_service_peek
                0x0000000000000000        0xc /Users/James/pebble-dev/PebbleSDK-3.0-beta12/Pebble/basalt/lib/libpebble.a(tmpxXWxespebble.o)
 .text.accel_service_set_samples_per_update
                0x0000000000000000        0xc /Users/James/pebble-dev/PebbleSDK-3.0-beta12/Pebble/basalt/lib/libpebble.a(tmpxXWxespebble.o)
 .text.accel_service_set_sampling_rate
                0x0000000000000000        0xc /Users/James/pebble-dev/PebbleSDK-3.0-beta12/Pebble/basalt/lib/libpebble.a(tmpxXWxespebble.o)
 .text.action_bar_layer_legacy2_add_to_window
                0x0000000000000000        0xc /Users/James/pebble-dev/PebbleSDK-3.0-beta12/Pebble/basalt/lib/libpebble.a(tmpxXWxespebble.o)
 .text.action_bar_layer_legacy2_clear_icon
                0x0000000000000000        0xc /Users/James/pebble-dev/PebbleSDK-3.0-beta12/Pebble/basalt/lib/libpebble.a(tmpxXWxespebble.o)
 .text.action_bar_layer_legacy2_create
                0x0000000000000000        0xc /Users/James/pebble-dev/PebbleSDK-3.0-beta12/Pebble/basalt/lib/libpebble.a(tmpxXWxespebble.o)
 .text.action_bar_layer_legacy2_destroy
                0x0000000000000000        0xc /Users/James/pebble-dev/PebbleSDK-3.0-beta12/Pebble/basalt/lib/libpebble.a(tmpxXWxespebble.o)
 .text.action_bar_layer_legacy2_get_layer
                0x0000000000000000        0xc /Users/James/pebble-dev/PebbleSDK-3.0-beta12/Pebble/basalt/lib/libpebble.a(tmpxXWxespebble.o)
 .text.action_bar_layer_legacy2_remove_from_window
                0x0000000000000000        0xc /Users/James/pebble-dev/PebbleSDK-3.0-beta12/Pebble/basalt/lib/libpebble.a(tmpxXWxespebble.o)
[...]
Memory Configuration

Name             Origin             Length             Attributes
APP              0x0000000000000000 0x0000000000010000 xrw
*default*        0x0000000000000000 0xffffffffffffffff

Linker script and memory map

LOAD /Users/James/pebble-dev/PebbleSDK-3.0-beta12/arm-cs-tools/bin/../lib/gcc/arm-none-eabi/4.7.2/thumb2/crti.o
LOAD /Users/James/pebble-dev/PebbleSDK-3.0-beta12/arm-cs-tools/bin/../lib/gcc/arm-none-eabi/4.7.2/thumb2/crtbegin.o
LOAD src/main.c.35.o
LOAD basalt/appinfo.auto.c.35.o
LOAD /Users/James/pebble-dev/PebbleSDK-3.0-beta12/Pebble/basalt/lib/libpebble.a
START GROUP
LOAD /Users/James/pebble-dev/PebbleSDK-3.0-beta12/arm-cs-tools/bin/../lib/gcc/arm-none-eabi/4.7.2/thumb2/libgcc.a
LOAD /Users/James/pebble-dev/PebbleSDK-3.0-beta12/arm-cs-tools/bin/../lib/gcc/arm-none-eabi/4.7.2/../../../../arm-none-eabi/lib/thumb2/libc.a
END GROUP
LOAD /Users/James/pebble-dev/PebbleSDK-3.0-beta12/arm-cs-tools/bin/../lib/gcc/arm-none-eabi/4.7.2/thumb2/crtend.o
LOAD /Users/James/pebble-dev/PebbleSDK-3.0-beta12/arm-cs-tools/bin/../lib/gcc/arm-none-eabi/4.7.2/thumb2/crtn.o

.header         0x0000000000000000       0x82
 *(.pbl_header)
 .pbl_header    0x0000000000000000       0x82 basalt/appinfo.auto.c.35.o
                0x0000000000000000                __pbl_app_info

.note.gnu.build-id
                0x0000000000000082       0x26
                0x0000000000000082                PROVIDE (BUILD_ID, .)
 *(.note.gnu.build-id)
 *fill*         0x0000000000000082        0x2 
 .note.gnu.build-id
                0x0000000000000084       0x24 linker stubs

.text           0x00000000000000a8     0x2dd0
 *(.text)
 .text          0x00000000000000a8       0x14 /Users/James/pebble-dev/PebbleSDK-3.0-beta12/Pebble/basalt/lib/libpebble.a(tmpxXWxespebble.o)
 .text          0x00000000000000bc      0x370 /Users/James/pebble-dev/PebbleSDK-3.0-beta12/arm-cs-tools/bin/../lib/gcc/arm-none-eabi/4.7.2/thumb2/libgcc.a(_arm_addsubdf3.o)
                0x00000000000000bc                __aeabi_drsub
                0x00000000000000c4                __subdf3
                0x00000000000000c4                __aeabi_dsub
                0x00000000000000c8                __aeabi_dadd
                0x00000000000000c8                __adddf3
                0x0000000000000340                __aeabi_ui2d
                0x0000000000000340                __floatunsidf
                0x0000000000000360                __floatsidf
                0x0000000000000360                __aeabi_i2d
                0x0000000000000384                __extendsfdf2
                0x0000000000000384                __aeabi_f2d
                0x00000000000003c0                __aeabi_ul2d
                0x00000000000003c0                __floatundidf
                0x00000000000003d0                __aeabi_l2d
                0x00000000000003d0                __floatdidf
 .text          0x000000000000042c      0x424 /Users/James/pebble-dev/PebbleSDK-3.0-beta12/arm-cs-tools/bin/../lib/gcc/arm-none-eabi/4.7.2/thumb2/libgcc.a(_arm_muldivdf3.o)
                0x000000000000042c                __aeabi_dmul
                0x000000000000042c                __muldf3
                0x0000000000000680                __aeabi_ddiv
                0x0000000000000680                __divdf3
 .text          0x0000000000000850       0x50 /Users/James/pebble-dev/PebbleSDK-3.0-beta12/arm-cs-tools/bin/../lib/gcc/arm-none-eabi/4.7.2/thumb2/libgcc.a(_arm_fixdfsi.o)
                0x0000000000000850                __fixdfsi
                0x0000000000000850                __aeabi_d2iz
 *(.text.*)
 .text.upcase   0x00000000000008a0       0x1c src/main.c.35.o
 .text.conditions_select
                0x00000000000008bc       0xa8 src/main.c.35.o
 .text.timer_callback
                0x0000000000000964       0x10 src/main.c.35.o
 .text.do_animation
                0x0000000000000974      0x2e0 src/main.c.35.o
 .text.shake_animation
                0x0000000000000c54      0x37c src/main.c.35.o
 .text.tap_handler
                0x0000000000000fd0       0x74 src/main.c.35.o
 .text.timer_2_callback
                0x0000000000001044       0x20 src/main.c.35.o
 .text.update_time
                0x0000000000001064      0x190 src/main.c.35.o
 .text.tick_handler
                0x00000000000011f4        0x4 src/main.c.35.o
 .text.outbox_sent_callback
                0x00000000000011f8       0x18 src/main.c.35.o
 .text.outbox_failed_callback
                0x0000000000001210       0x18 src/main.c.35.o
 .text.inbox_dropped_callback
                0x0000000000001228       0x18 src/main.c.35.o
 .text.inbox_received_callback
                0x0000000000001240      0x4b0 src/main.c.35.o
 .text.main_window_unload
                0x00000000000016f0      0x348 src/main.c.35.o
 .text.main_window_load
                0x0000000000001a38      0x96c src/main.c.35.o
 .text.update_bat
                0x00000000000023a4      0x168 src/main.c.35.o
 .text.update_bt
                0x000000000000250c       0x60 src/main.c.35.o
 .text.anim_stopped_handler
                0x000000000000256c       0x64 src/main.c.35.o
 .text.bt_handler
                0x00000000000025d0       0x30 src/main.c.35.o
 .text.update_bg
                0x0000000000002600      0x140 src/main.c.35.o
 .text.startup.main
                0x0000000000002740      0x248 src/main.c.35.o
                0x0000000000002740                main
 .text.accel_tap_service_subscribe
                0x0000000000002988        0xc /Users/James/pebble-dev/PebbleSDK-3.0-beta12/Pebble/basalt/lib/libpebble.a(tmpxXWxespebble.o)
                0x0000000000002988                accel_tap_service_subscribe
 .text.accel_tap_service_unsubscribe
                0x0000000000002994        0xc /Users/James/pebble-dev/PebbleSDK-3.0-beta12/Pebble/basalt/lib/libpebble.a(tmpxXWxespebble.o)
                0x0000000000002994                accel_tap_service_unsubscribe
 .text.app_event_loop
                0x00000000000029a0        0xc /Users/James/pebble-dev/PebbleSDK-3.0-beta12/Pebble/basalt/lib/libpebble.a(tmpxXWxespebble.o)
                0x00000000000029a0                app_event_loop
 .text.app_log  0x00000000000029ac        0xc /Users/James/pebble-dev/PebbleSDK-3.0-beta12/Pebble/basalt/lib/libpebble.a(tmpxXWxespebble.o)
                0x00000000000029ac                app_log
 .text.app_message_open
                0x00000000000029b8        0xc /Users/James/pebble-dev/PebbleSDK-3.0-beta12/Pebble/basalt/lib/libpebble.a(tmpxXWxespebble.o)
                0x00000000000029b8                app_message_open
 .text.app_timer_cancel
                0x00000000000029c4        0xc /Users/James/pebble-dev/PebbleSDK-3.0-beta12/Pebble/basalt/lib/libpebble.a(tmpxXWxespebble.o)
                0x00000000000029c4                app_timer_cancel
 .text.app_timer_register
                0x00000000000029d0        0xc /Users/James/pebble-dev/PebbleSDK-3.0-beta12/Pebble/basalt/lib/libpebble.a(tmpxXWxespebble.o)
                0x00000000000029d0                app_timer_register
 .text.battery_state_service_peek
                0x00000000000029dc        0xc /Users/James/pebble-dev/PebbleSDK-3.0-beta12/Pebble/basalt/lib/libpebble.a(tmpxXWxespebble.o)
                0x00000000000029dc                battery_state_service_peek
 .text.bitmap_layer_create
                0x00000000000029e8        0xc /Users/James/pebble-dev/PebbleSDK-3.0-beta12/Pebble/basalt/lib/libpebble.a(tmpxXWxespebble.o)
                0x00000000000029e8                bitmap_layer_create
 .text.bitmap_layer_destroy
                0x00000000000029f4        0xc /Users/James/pebble-dev/PebbleSDK-3.0-beta12/Pebble/basalt/lib/libpebble.a(tmpxXWxespebble.o)
                0x00000000000029f4                bitmap_layer_destroy
 .text.bitmap_layer_get_layer
                0x0000000000002a00        0xc /Users/James/pebble-dev/PebbleSDK-3.0-beta12/Pebble/basalt/lib/libpebble.a(tmpxXWxespebble.o)
                0x0000000000002a00                bitmap_layer_get_layer
 .text.bitmap_layer_set_bitmap
                0x0000000000002a0c        0xc /Users/James/pebble-dev/PebbleSDK-3.0-beta12/Pebble/basalt/lib/libpebble.a(tmpxXWxespebble.o)
                0x0000000000002a0c                bitmap_layer_set_bitmap
 .text.bitmap_layer_set_compositing_mode
                0x0000000000002a18        0xc /Users/James/pebble-dev/PebbleSDK-3.0-beta12/Pebble/basalt/lib/libpebble.a(tmpxXWxespebble.o)
                0x0000000000002a18                bitmap_layer_set_compositing_mode
 .text.bluetooth_connection_service_peek
                0x0000000000002a24        0xc /Users/James/pebble-dev/PebbleSDK-3.0-beta12/Pebble/basalt/lib/libpebble.a(tmpxXWxespebble.o)
                0x0000000000002a24                bluetooth_connection_service_peek
 .text.bluetooth_connection_service_subscribe
                0x0000000000002a30        0xc /Users/James/pebble-dev/PebbleSDK-3.0-beta12/Pebble/basalt/lib/libpebble.a(tmpxXWxespebble.o)
                0x0000000000002a30                bluetooth_connection_service_subscribe
 .text.bluetooth_connection_service_unsubscribe
                0x0000000000002a3c        0xc /Users/James/pebble-dev/PebbleSDK-3.0-beta12/Pebble/basalt/lib/libpebble.a(tmpxXWxespebble.o)
                0x0000000000002a3c                bluetooth_connection_service_unsubscribe
 .text.clock_is_24h_style
                0x0000000000002a48        0xc /Users/James/pebble-dev/PebbleSDK-3.0-beta12/Pebble/basalt/lib/libpebble.a(tmpxXWxespebble.o)
                0x0000000000002a48                clock_is_24h_style
 .text.dict_read_first
                0x0000000000002a54        0xc /Users/James/pebble-dev/PebbleSDK-3.0-beta12/Pebble/basalt/lib/libpebble.a(tmpxXWxespebble.o)
                0x0000000000002a54                dict_read_first
 .text.dict_read_next
                0x0000000000002a60        0xc /Users/James/pebble-dev/PebbleSDK-3.0-beta12/Pebble/basalt/lib/libpebble.a(tmpxXWxespebble.o)
                0x0000000000002a60                dict_read_next
 .text.fonts_load_custom_font
                0x0000000000002a6c        0xc /Users/James/pebble-dev/PebbleSDK-3.0-beta12/Pebble/basalt/lib/libpebble.a(tmpxXWxespebble.o)
                0x0000000000002a6c                fonts_load_custom_font
 .text.fonts_unload_custom_font
                0x0000000000002a78        0xc /Users/James/pebble-dev/PebbleSDK-3.0-beta12/Pebble/basalt/lib/libpebble.a(tmpxXWxespebble.o)
                0x0000000000002a78                fonts_unload_custom_font
 .text.gbitmap_create_with_resource
                0x0000000000002a84        0xc /Users/James/pebble-dev/PebbleSDK-3.0-beta12/Pebble/basalt/lib/libpebble.a(tmpxXWxespebble.o)
                0x0000000000002a84                gbitmap_create_with_resource
 .text.gbitmap_destroy
                0x0000000000002a90        0xc /Users/James/pebble-dev/PebbleSDK-3.0-beta12/Pebble/basalt/lib/libpebble.a(tmpxXWxespebble.o)
                0x0000000000002a90                gbitmap_destroy
 .text.graphics_fill_rect
                0x0000000000002a9c        0xc /Users/James/pebble-dev/PebbleSDK-3.0-beta12/Pebble/basalt/lib/libpebble.a(tmpxXWxespebble.o)
                0x0000000000002a9c                graphics_fill_rect
 .text.grect_center_point
                0x0000000000002aa8        0xc /Users/James/pebble-dev/PebbleSDK-3.0-beta12/Pebble/basalt/lib/libpebble.a(tmpxXWxespebble.o)
                0x0000000000002aa8                grect_center_point
 .text.layer_add_child
                0x0000000000002ab4        0xc /Users/James/pebble-dev/PebbleSDK-3.0-beta12/Pebble/basalt/lib/libpebble.a(tmpxXWxespebble.o)
                0x0000000000002ab4                layer_add_child
 .text.layer_create
                0x0000000000002ac0        0xc /Users/James/pebble-dev/PebbleSDK-3.0-beta12/Pebble/basalt/lib/libpebble.a(tmpxXWxespebble.o)
                0x0000000000002ac0                layer_create
 .text.layer_destroy
                0x0000000000002acc        0xc /Users/James/pebble-dev/PebbleSDK-3.0-beta12/Pebble/basalt/lib/libpebble.a(tmpxXWxespebble.o)
                0x0000000000002acc                layer_destroy
 .text.layer_get_bounds
                0x0000000000002ad8        0xc /Users/James/pebble-dev/PebbleSDK-3.0-beta12/Pebble/basalt/lib/libpebble.a(tmpxXWxespebble.o)
                0x0000000000002ad8                layer_get_bounds
 .text.layer_mark_dirty
                0x0000000000002ae4        0xc /Users/James/pebble-dev/PebbleSDK-3.0-beta12/Pebble/basalt/lib/libpebble.a(tmpxXWxespebble.o)
                0x0000000000002ae4                layer_mark_dirty
 .text.layer_set_hidden
                0x0000000000002af0        0xc /Users/James/pebble-dev/PebbleSDK-3.0-beta12/Pebble/basalt/lib/libpebble.a(tmpxXWxespebble.o)
                0x0000000000002af0                layer_set_hidden
 .text.layer_set_update_proc
                0x0000000000002afc        0xc /Users/James/pebble-dev/PebbleSDK-3.0-beta12/Pebble/basalt/lib/libpebble.a(tmpxXWxespebble.o)
                0x0000000000002afc                layer_set_update_proc
 .text.memset   0x0000000000002b08        0xc /Users/James/pebble-dev/PebbleSDK-3.0-beta12/Pebble/basalt/lib/libpebble.a(tmpxXWxespebble.o)
                0x0000000000002b08                memset
 .text.resource_get_handle
                0x0000000000002b14        0xc /Users/James/pebble-dev/PebbleSDK-3.0-beta12/Pebble/basalt/lib/libpebble.a(tmpxXWxespebble.o)
                0x0000000000002b14                resource_get_handle
 .text.snprintf
                0x0000000000002b20        0xc /Users/James/pebble-dev/PebbleSDK-3.0-beta12/Pebble/basalt/lib/libpebble.a(tmpxXWxespebble.o)
                0x0000000000002b20                snprintf
 .text.strftime
                0x0000000000002b2c        0xc /Users/James/pebble-dev/PebbleSDK-3.0-beta12/Pebble/basalt/lib/libpebble.a(tmpxXWxespebble.o)
                0x0000000000002b2c                strftime
 .text.tick_timer_service_subscribe
                0x0000000000002b38        0xc /Users/James/pebble-dev/PebbleSDK-3.0-beta12/Pebble/basalt/lib/libpebble.a(tmpxXWxespebble.o)
                0x0000000000002b38                tick_timer_service_subscribe
 .text.vibes_double_pulse
                0x0000000000002b44        0xc /Users/James/pebble-dev/PebbleSDK-3.0-beta12/Pebble/basalt/lib/libpebble.a(tmpxXWxespebble.o)
                0x0000000000002b44                vibes_double_pulse
 .text.vibes_short_pulse
                0x0000000000002b50        0xc /Users/James/pebble-dev/PebbleSDK-3.0-beta12/Pebble/basalt/lib/libpebble.a(tmpxXWxespebble.o)
                0x0000000000002b50                vibes_short_pulse
 .text.window_create
                0x0000000000002b5c        0xc /Users/James/pebble-dev/PebbleSDK-3.0-beta12/Pebble/basalt/lib/libpebble.a(tmpxXWxespebble.o)
                0x0000000000002b5c                window_create
 .text.window_destroy
                0x0000000000002b68        0xc /Users/James/pebble-dev/PebbleSDK-3.0-beta12/Pebble/basalt/lib/libpebble.a(tmpxXWxespebble.o)
                0x0000000000002b68                window_destroy
 .text.window_get_root_layer
                0x0000000000002b74        0xc /Users/James/pebble-dev/PebbleSDK-3.0-beta12/Pebble/basalt/lib/libpebble.a(tmpxXWxespebble.o)
                0x0000000000002b74                window_get_root_layer
 .text.window_set_window_handlers
                0x0000000000002b80        0xc /Users/James/pebble-dev/PebbleSDK-3.0-beta12/Pebble/basalt/lib/libpebble.a(tmpxXWxespebble.o)
                0x0000000000002b80                window_set_window_handlers
 .text.window_stack_push
                0x0000000000002b8c        0xc /Users/James/pebble-dev/PebbleSDK-3.0-beta12/Pebble/basalt/lib/libpebble.a(tmpxXWxespebble.o)
                0x0000000000002b8c                window_stack_push
 .text.app_message_inbox_size_maximum
                0x0000000000002b98        0xc /Users/James/pebble-dev/PebbleSDK-3.0-beta12/Pebble/basalt/lib/libpebble.a(tmpxXWxespebble.o)
                0x0000000000002b98                app_message_inbox_size_maximum
 .text.app_message_outbox_size_maximum
                0x0000000000002ba4        0xc /Users/James/pebble-dev/PebbleSDK-3.0-beta12/Pebble/basalt/lib/libpebble.a(tmpxXWxespebble.o)
                0x0000000000002ba4                app_message_outbox_size_maximum
 .text.app_message_register_inbox_dropped
                0x0000000000002bb0        0xc /Users/James/pebble-dev/PebbleSDK-3.0-beta12/Pebble/basalt/lib/libpebble.a(tmpxXWxespebble.o)
                0x0000000000002bb0                app_message_register_inbox_dropped
 .text.app_message_register_inbox_received
                0x0000000000002bbc        0xc /Users/James/pebble-dev/PebbleSDK-3.0-beta12/Pebble/basalt/lib/libpebble.a(tmpxXWxespebble.o)
                0x0000000000002bbc                app_message_register_inbox_received
 .text.app_message_register_outbox_failed
                0x0000000000002bc8        0xc /Users/James/pebble-dev/PebbleSDK-3.0-beta12/Pebble/basalt/lib/libpebble.a(tmpxXWxespebble.o)
                0x0000000000002bc8                app_message_register_outbox_failed
 .text.app_message_register_outbox_sent
                0x0000000000002bd4        0xc /Users/James/pebble-dev/PebbleSDK-3.0-beta12/Pebble/basalt/lib/libpebble.a(tmpxXWxespebble.o)
                0x0000000000002bd4                app_message_register_outbox_sent
 .text.graphics_context_set_fill_color
                0x0000000000002be0        0xc /Users/James/pebble-dev/PebbleSDK-3.0-beta12/Pebble/basalt/lib/libpebble.a(tmpxXWxespebble.o)
                0x0000000000002be0                graphics_context_set_fill_color
 .text.window_set_background_color
                0x0000000000002bec        0xc /Users/James/pebble-dev/PebbleSDK-3.0-beta12/Pebble/basalt/lib/libpebble.a(tmpxXWxespebble.o)
                0x0000000000002bec                window_set_background_color
 .text.localtime
                0x0000000000002bf8        0xc /Users/James/pebble-dev/PebbleSDK-3.0-beta12/Pebble/basalt/lib/libpebble.a(tmpxXWxespebble.o)
                0x0000000000002bf8                localtime
 .text.animation_schedule
                0x0000000000002c04        0xc /Users/James/pebble-dev/PebbleSDK-3.0-beta12/Pebble/basalt/lib/libpebble.a(tmpxXWxespebble.o)
                0x0000000000002c04                animation_schedule
 .text.animation_set_curve
                0x0000000000002c10        0xc /Users/James/pebble-dev/PebbleSDK-3.0-beta12/Pebble/basalt/lib/libpebble.a(tmpxXWxespebble.o)
                0x0000000000002c10                animation_set_curve
 .text.animation_set_delay
                0x0000000000002c1c        0xc /Users/James/pebble-dev/PebbleSDK-3.0-beta12/Pebble/basalt/lib/libpebble.a(tmpxXWxespebble.o)
                0x0000000000002c1c                animation_set_delay
 .text.animation_set_duration
                0x0000000000002c28        0xc /Users/James/pebble-dev/PebbleSDK-3.0-beta12/Pebble/basalt/lib/libpebble.a(tmpxXWxespebble.o)
                0x0000000000002c28                animation_set_duration
 .text.animation_set_handlers
                0x0000000000002c34        0xc /Users/James/pebble-dev/PebbleSDK-3.0-beta12/Pebble/basalt/lib/libpebble.a(tmpxXWxespebble.o)
                0x0000000000002c34                animation_set_handlers
 .text.animation_unschedule_all
                0x0000000000002c40        0xc /Users/James/pebble-dev/PebbleSDK-3.0-beta12/Pebble/basalt/lib/libpebble.a(tmpxXWxespebble.o)
                0x0000000000002c40                animation_unschedule_all
 .text.property_animation_create_layer_frame
                0x0000000000002c4c        0xc /Users/James/pebble-dev/PebbleSDK-3.0-beta12/Pebble/basalt/lib/libpebble.a(tmpxXWxespebble.o)
                0x0000000000002c4c                property_animation_create_layer_frame
 .text.text_layer_create
                0x0000000000002c58        0xc /Users/James/pebble-dev/PebbleSDK-3.0-beta12/Pebble/basalt/lib/libpebble.a(tmpxXWxespebble.o)
                0x0000000000002c58                text_layer_create
 .text.text_layer_destroy
                0x0000000000002c64        0xc /Users/James/pebble-dev/PebbleSDK-3.0-beta12/Pebble/basalt/lib/libpebble.a(tmpxXWxespebble.o)
                0x0000000000002c64                text_layer_destroy
 .text.text_layer_get_layer
                0x0000000000002c70        0xc /Users/James/pebble-dev/PebbleSDK-3.0-beta12/Pebble/basalt/lib/libpebble.a(tmpxXWxespebble.o)
                0x0000000000002c70                text_layer_get_layer
 .text.text_layer_set_background_color
                0x0000000000002c7c        0xc /Users/James/pebble-dev/PebbleSDK-3.0-beta12/Pebble/basalt/lib/libpebble.a(tmpxXWxespebble.o)
                0x0000000000002c7c                text_layer_set_background_color
 .text.text_layer_set_font
                0x0000000000002c88        0xc /Users/James/pebble-dev/PebbleSDK-3.0-beta12/Pebble/basalt/lib/libpebble.a(tmpxXWxespebble.o)
                0x0000000000002c88                text_layer_set_font
 .text.text_layer_set_text
                0x0000000000002c94        0xc /Users/James/pebble-dev/PebbleSDK-3.0-beta12/Pebble/basalt/lib/libpebble.a(tmpxXWxespebble.o)
                0x0000000000002c94                text_layer_set_text
 .text.text_layer_set_text_alignment
                0x0000000000002ca0        0xc /Users/James/pebble-dev/PebbleSDK-3.0-beta12/Pebble/basalt/lib/libpebble.a(tmpxXWxespebble.o)
                0x0000000000002ca0                text_layer_set_text_alignment
 .text.text_layer_set_text_color
                0x0000000000002cac        0xc /Users/James/pebble-dev/PebbleSDK-3.0-beta12/Pebble/basalt/lib/libpebble.a(tmpxXWxespebble.o)
                0x0000000000002cac                text_layer_set_text_color
 .text.time     0x0000000000002cb8        0xc /Users/James/pebble-dev/PebbleSDK-3.0-beta12/Pebble/basalt/lib/libpebble.a(tmpxXWxespebble.o)
                0x0000000000002cb8                time
 *(.rodata)
 .rodata        0x0000000000002cc4       0xe0 src/main.c.35.o
 *(.rodata*)
 .rodata.TIME_RESOURCE_IDS
                0x0000000000002da4       0x28 src/main.c.35.o
                0x0000000000002da4                TIME_RESOURCE_IDS
 .rodata.str1.1
                0x0000000000002dcc       0x7e src/main.c.35.o
 *fill*         0x0000000000002e4a        0x2 
 .rodata.WEATHER_RESOURCE_IDS
                0x0000000000002e4c       0x2c src/main.c.35.o
                0x0000000000002e4c                WEATHER_RESOURCE_IDS

.glue_7         0x0000000000002e78        0x0
 .glue_7        0x0000000000000000        0x0 linker stubs

.glue_7t        0x0000000000002e78        0x0
 .glue_7t       0x0000000000000000        0x0 linker stubs

.vfp11_veneer   0x0000000000002e78        0x0
 .vfp11_veneer  0x0000000000000000        0x0 linker stubs

.v4_bx          0x0000000000002e78        0x0
 .v4_bx         0x0000000000000000        0x0 linker stubs

.iplt           0x0000000000002e78        0x0
 .iplt          0x0000000000000000        0x0 /Users/James/pebble-dev/PebbleSDK-3.0-beta12/arm-cs-tools/bin/../lib/gcc/arm-none-eabi/4.7.2/thumb2/crtbegin.o

.rel.dyn        0x0000000000002e78        0x0
 .rel.iplt      0x0000000000000000        0x0 /Users/James/pebble-dev/PebbleSDK-3.0-beta12/arm-cs-tools/bin/../lib/gcc/arm-none-eabi/4.7.2/thumb2/crtbegin.o

.data           0x0000000000002e78       0x2c
 *(.data)
 .data          0x0000000000002e78        0x0 /Users/James/pebble-dev/PebbleSDK-3.0-beta12/arm-cs-tools/bin/../lib/gcc/arm-none-eabi/4.7.2/thumb2/crti.o
 .data          0x0000000000002e78        0x4 /Users/James/pebble-dev/PebbleSDK-3.0-beta12/arm-cs-tools/bin/../lib/gcc/arm-none-eabi/4.7.2/thumb2/crtbegin.o
                0x0000000000002e78                __dso_handle
 .data          0x0000000000002e7c        0x0 src/main.c.35.o
 .data          0x0000000000002e7c        0x0 basalt/appinfo.auto.c.35.o
 .data          0x0000000000002e7c        0x0 /Users/James/pebble-dev/PebbleSDK-3.0-beta12/Pebble/basalt/lib/libpebble.a(tmpxXWxespebble.o)
 .data          0x0000000000002e7c        0x0 /Users/James/pebble-dev/PebbleSDK-3.0-beta12/arm-cs-tools/bin/../lib/gcc/arm-none-eabi/4.7.2/thumb2/libgcc.a(_arm_addsubdf3.o)
 .data          0x0000000000002e7c        0x0 /Users/James/pebble-dev/PebbleSDK-3.0-beta12/arm-cs-tools/bin/../lib/gcc/arm-none-eabi/4.7.2/thumb2/libgcc.a(_arm_muldivdf3.o)
 .data          0x0000000000002e7c        0x0 /Users/James/pebble-dev/PebbleSDK-3.0-beta12/arm-cs-tools/bin/../lib/gcc/arm-none-eabi/4.7.2/thumb2/libgcc.a(_arm_fixdfsi.o)
 .data          0x0000000000002e7c        0x0 /Users/James/pebble-dev/PebbleSDK-3.0-beta12/arm-cs-tools/bin/../lib/gcc/arm-none-eabi/4.7.2/thumb2/crtend.o
 .data          0x0000000000002e7c        0x0 /Users/James/pebble-dev/PebbleSDK-3.0-beta12/arm-cs-tools/bin/../lib/gcc/arm-none-eabi/4.7.2/thumb2/crtn.o
 *(.data.*)
 .data.s_humidity_buffer
                0x0000000000002e7c        0x7 src/main.c.35.o
 .data.s_weather4_buffer
                0x0000000000002e83        0x5 src/main.c.35.o
 .data.s_month_buffer
                0x0000000000002e88        0x4 src/main.c.35.o
 .data.s_day_buffer
                0x0000000000002e8c        0x4 src/main.c.35.o
 .data.first_run
                0x0000000000002e90        0x1 src/main.c.35.o
 .data.s_weather1_buffer
                0x0000000000002e91        0x5 src/main.c.35.o
 .data.s_date_buffer
                0x0000000000002e96        0x3 src/main.c.35.o
 .data.animations
                0x0000000000002e99        0x1 src/main.c.35.o
 .data.s_weather3_buffer
                0x0000000000002e9a        0x5 src/main.c.35.o
 .data.s_weather2_buffer
                0x0000000000002e9f        0x5 src/main.c.35.o

.igot.plt       0x0000000000002ea4        0x0
 .igot.plt      0x0000000000000000        0x0 /Users/James/pebble-dev/PebbleSDK-3.0-beta12/arm-cs-tools/bin/../lib/gcc/arm-none-eabi/4.7.2/thumb2/crtbegin.o

.bss            0x0000000000002ea4      0x134
 *(.bss)
 *(.bss.*)
 .bss.s_minute1_bitmap
                0x0000000000002ea4        0x4 src/main.c.35.o
 .bss.timer_2   0x0000000000002ea8        0x4 src/main.c.35.o
 .bss.s_hour2_bitmap
                0x0000000000002eac        0x4 src/main.c.35.o
 .bss.s_hour1_layer
                0x0000000000002eb0        0x4 src/main.c.35.o
 .bss.humidity  0x0000000000002eb4        0x2 src/main.c.35.o
 *fill*         0x0000000000002eb6        0x2 
 .bss.timer     0x0000000000002eb8        0x4 src/main.c.35.o
 .bss.s_date_2_layer
                0x0000000000002ebc        0x4 src/main.c.35.o
 .bss.i         0x0000000000002ec0        0x1 src/main.c.35.o
                0x0000000000002ec0                i
 *fill*         0x0000000000002ec1        0x3 
 .bss.s_humidity_label
                0x0000000000002ec4        0x4 src/main.c.35.o
 .bss.minute1   0x0000000000002ec8        0x1 src/main.c.35.o
 .bss.minute2   0x0000000000002ec9        0x1 src/main.c.35.o
 *fill*         0x0000000000002eca        0x2 
 .bss.s_hour1_animation
                0x0000000000002ecc        0x4 src/main.c.35.o
 .bss.s_date_2_animation
                0x0000000000002ed0        0x4 src/main.c.35.o
 .bss.s_weather3_layer
                0x0000000000002ed4        0x4 src/main.c.35.o
 .bss.condcon2  0x0000000000002ed8        0x1 src/main.c.35.o
 .bss.hour1     0x0000000000002ed9        0x1 src/main.c.35.o
 .bss.hour2     0x0000000000002eda        0x1 src/main.c.35.o
 *fill*         0x0000000000002edb        0x1 
 .bss.s_battery_layer
                0x0000000000002edc        0x4 src/main.c.35.o
 .bss.s_weather4_parent
                0x0000000000002ee0        0x4 src/main.c.35.o
 .bss.do_hour2  0x0000000000002ee4        0x1 src/main.c.35.o
 *fill*         0x0000000000002ee5        0x3 
 .bss.s_weather4_animation
                0x0000000000002ee8        0x4 src/main.c.35.o
 .bss.s_ch_layer
                0x0000000000002eec        0x4 src/main.c.35.o
 .bss.s_weather3_bitmap
                0x0000000000002ef0        0x4 src/main.c.35.o
 .bss.do_minute1
                0x0000000000002ef4        0x1 src/main.c.35.o
 .bss.do_minute2
                0x0000000000002ef5        0x1 src/main.c.35.o
 *fill*         0x0000000000002ef6        0x2 
 .bss.s_weather2_bitmap
                0x0000000000002ef8        0x4 src/main.c.35.o
 .bss.s_hour2_parent
                0x0000000000002efc        0x4 src/main.c.35.o
 .bss.do_hour1  0x0000000000002f00        0x1 src/main.c.35.o
 *fill*         0x0000000000002f01        0x3 
 .bss.s_day_label
                0x0000000000002f04        0x4 src/main.c.35.o
 .bss.bt_connected
                0x0000000000002f08        0x1 src/main.c.35.o
 .bss.do_reverse
                0x0000000000002f09        0x1 src/main.c.35.o
 *fill*         0x0000000000002f0a        0x2 
 .bss.s_weather3_animation
                0x0000000000002f0c        0x4 src/main.c.35.o
 .bss.s_weather4_label
                0x0000000000002f10        0x4 src/main.c.35.o
 .bss.s_main_window
                0x0000000000002f14        0x4 src/main.c.35.o
 .bss.s_minute2_parent
                0x0000000000002f18        0x4 src/main.c.35.o
 .bss.s_minute2_bitmap
                0x0000000000002f1c        0x4 src/main.c.35.o
 .bss.s_info_animation
                0x0000000000002f20        0x4 src/main.c.35.o
 .bss.s_shake_animation
                0x0000000000002f24        0x4 src/main.c.35.o
 .bss.s_weather1_animation
                0x0000000000002f28        0x4 src/main.c.35.o
 .bss.s_minute2_layer
                0x0000000000002f2c        0x4 src/main.c.35.o
 .bss.s_weather1_layer
                0x0000000000002f30        0x4 src/main.c.35.o
 .bss.s_date_1_animation
                0x0000000000002f34        0x4 src/main.c.35.o
 .bss.condcon1  0x0000000000002f38        0x1 src/main.c.35.o
 *fill*         0x0000000000002f39        0x3 
 .bss.s_hour2_animation
                0x0000000000002f3c        0x4 src/main.c.35.o
 .bss.condcon3  0x0000000000002f40        0x1 src/main.c.35.o
 *fill*         0x0000000000002f41        0x3 
 .bss.s_month_label
                0x0000000000002f44        0x4 src/main.c.35.o
 .bss.s_date_1_layer
                0x0000000000002f48        0x4 src/main.c.35.o
 .bss.sun_on    0x0000000000002f4c        0x1 src/main.c.35.o
 *fill*         0x0000000000002f4d        0x1 
 .bss.conditions1
                0x0000000000002f4e        0x2 src/main.c.35.o
 .bss.country   0x0000000000002f50        0x1 src/main.c.35.o
 *fill*         0x0000000000002f51        0x1 
 .bss.conditions3
                0x0000000000002f52        0x2 src/main.c.35.o
 .bss.conditions4
                0x0000000000002f54        0x2 src/main.c.35.o
 .bss.bat       0x0000000000002f56        0x2 src/main.c.35.o
 .bss.shake_reverse
                0x0000000000002f58        0x1 src/main.c.35.o
 *fill*         0x0000000000002f59        0x3 
 .bss.s_hour2_layer
                0x0000000000002f5c        0x4 src/main.c.35.o
 .bss.s_background_layer
                0x0000000000002f60        0x4 src/main.c.35.o
 .bss.s_weather2_layer
                0x0000000000002f64        0x4 src/main.c.35.o
 .bss.s_bluetooth_layer
                0x0000000000002f68        0x4 src/main.c.35.o
 .bss.s_weather2_label
                0x0000000000002f6c        0x4 src/main.c.35.o
 .bss.s_weather1_parent
                0x0000000000002f70        0x4 src/main.c.35.o
 .bss.s_weather1_bitmap
                0x0000000000002f74        0x4 src/main.c.35.o
 .bss.s_minute2_animation
                0x0000000000002f78        0x4 src/main.c.35.o
 .bss.s_weather4_bitmap
                0x0000000000002f7c        0x4 src/main.c.35.o
 .bss.s_weather4_layer
                0x0000000000002f80        0x4 src/main.c.35.o
 .bss.s_weather1_label
                0x0000000000002f84        0x4 src/main.c.35.o
 .bss.s_weather_label
                0x0000000000002f88        0x4 src/main.c.35.o
 .bss.conditions2
                0x0000000000002f8c        0x2 src/main.c.35.o
 .bss.again     0x0000000000002f8e        0x1 src/main.c.35.o
 *fill*         0x0000000000002f8f        0x1 
 .bss.degree1   0x0000000000002f90        0x2 src/main.c.35.o
 .bss.degree2   0x0000000000002f92        0x2 src/main.c.35.o
 .bss.degree3   0x0000000000002f94        0x2 src/main.c.35.o
 .bss.degree4   0x0000000000002f96        0x2 src/main.c.35.o
 .bss.s_minute1_animation
                0x0000000000002f98        0x4 src/main.c.35.o
 .bss.s_weather3_label
                0x0000000000002f9c        0x4 src/main.c.35.o
 .bss.running   0x0000000000002fa0        0x1 src/main.c.35.o
 *fill*         0x0000000000002fa1        0x3 
 .bss.s_conditions_label
                0x0000000000002fa4        0x4 src/main.c.35.o
 .bss.s_date_label
                0x0000000000002fa8        0x4 src/main.c.35.o
 .bss.s_weather3_parent
                0x0000000000002fac        0x4 src/main.c.35.o
 .bss.s_weather2_animation
                0x0000000000002fb0        0x4 src/main.c.35.o
 .bss.s_minute1_layer
                0x0000000000002fb4        0x4 src/main.c.35.o
 .bss.condcon4  0x0000000000002fb8        0x1 src/main.c.35.o
 *fill*         0x0000000000002fb9        0x3 
 .bss.s_info_layer
                0x0000000000002fbc        0x4 src/main.c.35.o
 .bss.s_weather2_parent
                0x0000000000002fc0        0x4 src/main.c.35.o
 .bss.s_hour1_parent
                0x0000000000002fc4        0x4 src/main.c.35.o
 .bss.s_hour1_bitmap
                0x0000000000002fc8        0x4 src/main.c.35.o
 .bss.hour      0x0000000000002fcc        0x1 src/main.c.35.o
 *fill*         0x0000000000002fcd        0x3 
 .bss.s_info_font
                0x0000000000002fd0        0x4 src/main.c.35.o
 .bss.s_minute1_parent
                0x0000000000002fd4        0x4 src/main.c.35.o

DISCARD
 libc.a(*)
 libm.a(*)
 libgcc.a(*)
 *(.eh_frame)
OUTPUT(/Users/James/Development Workspaces/Pebble/Blocked-Out/build/basalt/pebble-app.elf elf32-littlearm)

.ARM.attributes
                0x0000000000000000       0x27
 .ARM.attributes
                0x0000000000000000       0x19 /Users/James/pebble-dev/PebbleSDK-3.0-beta12/arm-cs-tools/bin/../lib/gcc/arm-none-eabi/4.7.2/thumb2/crti.o
 .ARM.attributes
                0x0000000000000019       0x29 /Users/James/pebble-dev/PebbleSDK-3.0-beta12/arm-cs-tools/bin/../lib/gcc/arm-none-eabi/4.7.2/thumb2/crtbegin.o
 .ARM.attributes
                0x0000000000000042       0x33 src/main.c.35.o
 .ARM.attributes
                0x0000000000000075       0x33 basalt/appinfo.auto.c.35.o
 .ARM.attributes
                0x00000000000000a8       0x21 /Users/James/pebble-dev/PebbleSDK-3.0-beta12/Pebble/basalt/lib/libpebble.a(tmpxXWxespebble.o)
 .ARM.attributes
                0x00000000000000c9       0x19 /Users/James/pebble-dev/PebbleSDK-3.0-beta12/arm-cs-tools/bin/../lib/gcc/arm-none-eabi/4.7.2/thumb2/libgcc.a(_arm_addsubdf3.o)
 .ARM.attributes
                0x00000000000000e2       0x19 /Users/James/pebble-dev/PebbleSDK-3.0-beta12/arm-cs-tools/bin/../lib/gcc/arm-none-eabi/4.7.2/thumb2/libgcc.a(_arm_muldivdf3.o)
 .ARM.attributes
                0x00000000000000fb       0x19 /Users/James/pebble-dev/PebbleSDK-3.0-beta12/arm-cs-tools/bin/../lib/gcc/arm-none-eabi/4.7.2/thumb2/libgcc.a(_arm_fixdfsi.o)
 .ARM.attributes
                0x0000000000000114       0x29 /Users/James/pebble-dev/PebbleSDK-3.0-beta12/arm-cs-tools/bin/../lib/gcc/arm-none-eabi/4.7.2/thumb2/crtend.o
 .ARM.attributes
                0x000000000000013d       0x19 /Users/James/pebble-dev/PebbleSDK-3.0-beta12/arm-cs-tools/bin/../lib/gcc/arm-none-eabi/4.7.2/thumb2/crtn.o

.comment        0x0000000000000000       0x4e
 .comment       0x0000000000000000       0x4e /Users/James/pebble-dev/PebbleSDK-3.0-beta12/arm-cs-tools/bin/../lib/gcc/arm-none-eabi/4.7.2/thumb2/crtbegin.o
                                         0x4f (size before relaxing)
 .comment       0x0000000000000000       0x4f src/main.c.35.o
 .comment       0x0000000000000000       0x4f basalt/appinfo.auto.c.35.o
 .comment       0x0000000000000000       0x4f /Users/James/pebble-dev/PebbleSDK-3.0-beta12/arm-cs-tools/bin/../lib/gcc/arm-none-eabi/4.7.2/thumb2/crtend.o

.debug_info     0x0000000000000000     0x3dab
 .debug_info    0x0000000000000000     0x37b5 src/main.c.35.o
 .debug_info    0x00000000000037b5      0x3cb basalt/appinfo.auto.c.35.o
 .debug_info    0x0000000000003b80       0xb9 /Users/James/pebble-dev/PebbleSDK-3.0-beta12/arm-cs-tools/bin/../lib/gcc/arm-none-eabi/4.7.2/thumb2/libgcc.a(_arm_addsubdf3.o)
 .debug_info    0x0000000000003c39       0xb9 /Users/James/pebble-dev/PebbleSDK-3.0-beta12/arm-cs-tools/bin/../lib/gcc/arm-none-eabi/4.7.2/thumb2/libgcc.a(_arm_muldivdf3.o)
 .debug_info    0x0000000000003cf2       0xb9 /Users/James/pebble-dev/PebbleSDK-3.0-beta12/arm-cs-tools/bin/../lib/gcc/arm-none-eabi/4.7.2/thumb2/libgcc.a(_arm_fixdfsi.o)

.debug_abbrev   0x0000000000000000      0x5d9
 .debug_abbrev  0x0000000000000000      0x4ff src/main.c.35.o
 .debug_abbrev  0x00000000000004ff       0x9e basalt/appinfo.auto.c.35.o
 .debug_abbrev  0x000000000000059d       0x14 /Users/James/pebble-dev/PebbleSDK-3.0-beta12/arm-cs-tools/bin/../lib/gcc/arm-none-eabi/4.7.2/thumb2/libgcc.a(_arm_addsubdf3.o)
 .debug_abbrev  0x00000000000005b1       0x14 /Users/James/pebble-dev/PebbleSDK-3.0-beta12/arm-cs-tools/bin/../lib/gcc/arm-none-eabi/4.7.2/thumb2/libgcc.a(_arm_muldivdf3.o)
 .debug_abbrev  0x00000000000005c5       0x14 /Users/James/pebble-dev/PebbleSDK-3.0-beta12/arm-cs-tools/bin/../lib/gcc/arm-none-eabi/4.7.2/thumb2/libgcc.a(_arm_fixdfsi.o)

.debug_loc      0x0000000000000000      0x70a
 .debug_loc     0x0000000000000000      0x70a src/main.c.35.o

.debug_aranges  0x0000000000000000      0x138
 .debug_aranges
                0x0000000000000000       0xc0 src/main.c.35.o
 .debug_aranges
                0x00000000000000c0       0x18 basalt/appinfo.auto.c.35.o
 .debug_aranges
                0x00000000000000d8       0x20 /Users/James/pebble-dev/PebbleSDK-3.0-beta12/arm-cs-tools/bin/../lib/gcc/arm-none-eabi/4.7.2/thumb2/libgcc.a(_arm_addsubdf3.o)
 .debug_aranges
                0x00000000000000f8       0x20 /Users/James/pebble-dev/PebbleSDK-3.0-beta12/arm-cs-tools/bin/../lib/gcc/arm-none-eabi/4.7.2/thumb2/libgcc.a(_arm_muldivdf3.o)
 .debug_aranges
                0x0000000000000118       0x20 /Users/James/pebble-dev/PebbleSDK-3.0-beta12/arm-cs-tools/bin/../lib/gcc/arm-none-eabi/4.7.2/thumb2/libgcc.a(_arm_fixdfsi.o)

.debug_ranges   0x0000000000000000      0x140
 .debug_ranges  0x0000000000000000      0x140 src/main.c.35.o

.debug_line     0x0000000000000000      0xed9
 .debug_line    0x0000000000000000      0x8e4 src/main.c.35.o
 .debug_line    0x00000000000008e4      0x13f basalt/appinfo.auto.c.35.o
 .debug_line    0x0000000000000a23      0x20a /Users/James/pebble-dev/PebbleSDK-3.0-beta12/arm-cs-tools/bin/../lib/gcc/arm-none-eabi/4.7.2/thumb2/libgcc.a(_arm_addsubdf3.o)
 .debug_line    0x0000000000000c2d      0x226 /Users/James/pebble-dev/PebbleSDK-3.0-beta12/arm-cs-tools/bin/../lib/gcc/arm-none-eabi/4.7.2/thumb2/libgcc.a(_arm_muldivdf3.o)
 .debug_line    0x0000000000000e53       0x86 /Users/James/pebble-dev/PebbleSDK-3.0-beta12/arm-cs-tools/bin/../lib/gcc/arm-none-eabi/4.7.2/thumb2/libgcc.a(_arm_fixdfsi.o)

.debug_str      0x0000000000000000     0x1b21
 .debug_str     0x0000000000000000     0x1908 src/main.c.35.o
                                       0x1a2e (size before relaxing)
 .debug_str     0x0000000000001908      0x219 basalt/appinfo.auto.c.35.o
                                        0x561 (size before relaxing)

.debug_frame    0x0000000000000000      0x230
 .debug_frame   0x0000000000000000      0x230 src/main.c.35.o
